Release 14.7 - xst P.20131013 (nt64)
Copyright (c) 1995-2013 Xilinx, Inc.  All rights reserved.
--> Parameter TMPDIR set to xst/projnav.tmp


Total REAL time to Xst completion: 0.00 secs
Total CPU time to Xst completion: 0.23 secs
 
--> Parameter xsthdpdir set to xst


Total REAL time to Xst completion: 0.00 secs
Total CPU time to Xst completion: 0.24 secs
 
--> Reading design: RGB_2_BW_Final.prj

TABLE OF CONTENTS
  1) Synthesis Options Summary
  2) HDL Parsing
  3) HDL Elaboration
  4) HDL Synthesis
       4.1) HDL Synthesis Report
  5) Advanced HDL Synthesis
       5.1) Advanced HDL Synthesis Report
  6) Low Level Synthesis
  7) Partition Report
  8) Design Summary
       8.1) Primitive and Black Box Usage
       8.2) Device utilization summary
       8.3) Partition Resource Summary
       8.4) Timing Report
            8.4.1) Clock Information
            8.4.2) Asynchronous Control Signals Information
            8.4.3) Timing Summary
            8.4.4) Timing Details
            8.4.5) Cross Clock Domains Report


=========================================================================
*                      Synthesis Options Summary                        *
=========================================================================
---- Source Parameters
Input File Name                    : "RGB_2_BW_Final.prj"
Ignore Synthesis Constraint File   : NO

---- Target Parameters
Output File Name                   : "RGB_2_BW_Final"
Output Format                      : NGC
Target Device                      : xc7a100t-1-csg324

---- Source Options
Top Module Name                    : RGB_2_BW_Final
Automatic FSM Extraction           : YES
FSM Encoding Algorithm             : Auto
Safe Implementation                : No
FSM Style                          : LUT
RAM Extraction                     : Yes
RAM Style                          : Auto
ROM Extraction                     : Yes
Shift Register Extraction          : YES
ROM Style                          : Auto
Resource Sharing                   : YES
Asynchronous To Synchronous        : NO
Shift Register Minimum Size        : 2
Use DSP Block                      : Auto
Automatic Register Balancing       : No

---- Target Options
LUT Combining                      : Auto
Reduce Control Sets                : Auto
Add IO Buffers                     : YES
Global Maximum Fanout              : 100000
Add Generic Clock Buffer(BUFG)     : 32
Register Duplication               : YES
Optimize Instantiated Primitives   : NO
Use Clock Enable                   : Auto
Use Synchronous Set                : Auto
Use Synchronous Reset              : Auto
Pack IO Registers into IOBs        : Auto
Equivalent register Removal        : YES

---- General Options
Optimization Goal                  : Speed
Optimization Effort                : 1
Power Reduction                    : NO
Keep Hierarchy                     : No
Netlist Hierarchy                  : As_Optimized
RTL Output                         : Yes
Global Optimization                : AllClockNets
Read Cores                         : YES
Write Timing Constraints           : NO
Cross Clock Analysis               : NO
Hierarchy Separator                : /
Bus Delimiter                      : <>
Case Specifier                     : Maintain
Slice Utilization Ratio            : 100
BRAM Utilization Ratio             : 100
DSP48 Utilization Ratio            : 100
Auto BRAM Packing                  : NO
Slice Utilization Ratio Delta      : 5

=========================================================================


=========================================================================
*                          HDL Parsing                                  *
=========================================================================
Analyzing Verilog file "C:\Users\olaolu-Goke\Desktop\RGB2BW\RGB_2_BW_Final\RGB_2_BW_Final.v" into library work
Parsing module <RGB_2_BW_Final>.

=========================================================================
*                            HDL Elaboration                            *
=========================================================================

Elaborating module <RGB_2_BW_Final>.

=========================================================================
*                           HDL Synthesis                               *
=========================================================================

Synthesizing Unit <RGB_2_BW_Final>.
    Related source file is "C:\Users\olaolu-Goke\Desktop\RGB2BW\RGB_2_BW_Final\RGB_2_BW_Final.v".
WARNING:Xst:647 - Input <origi_red<2:0>> is never used. This port will be preserved and left unconnected if it belongs to a top-level block or it belongs to a sub-block and the hierarchy of this sub-block is preserved.
WARNING:Xst:647 - Input <origi_green<0:0>> is never used. This port will be preserved and left unconnected if it belongs to a top-level block or it belongs to a sub-block and the hierarchy of this sub-block is preserved.
WARNING:Xst:647 - Input <origi_blue<3:0>> is never used. This port will be preserved and left unconnected if it belongs to a top-level block or it belongs to a sub-block and the hierarchy of this sub-block is preserved.
    Found 6-bit adder for signal <n0035[5:0]> created at line 36.
    Found 7-bit adder for signal <n0038[6:0]> created at line 36.
    Found 8-bit adder for signal <n0042> created at line 37.
    Found 8-bit adder for signal <n0045> created at line 37.
    Found 8-bit adder for signal <mod_green> created at line 37.
    Found 9-bit adder for signal <n0050[8:0]> created at line 39.
    Found 10-bit adder for signal <n0053[9:0]> created at line 39.
    Summary:
	inferred   7 Adder/Subtractor(s).
Unit <RGB_2_BW_Final> synthesized.

=========================================================================
HDL Synthesis Report

Macro Statistics
# Adders/Subtractors                                   : 7
 10-bit adder                                          : 1
 6-bit adder                                           : 1
 7-bit adder                                           : 1
 8-bit adder                                           : 3
 9-bit adder                                           : 1

=========================================================================

=========================================================================
*                       Advanced HDL Synthesis                          *
=========================================================================


Synthesizing (advanced) Unit <RGB_2_BW_Final>.
	The following adders/subtractors are grouped into adder tree <Madd_mod_green1> :
 	<Madd_n0042> in block <RGB_2_BW_Final>, 	<Madd_n0045> in block <RGB_2_BW_Final>, 	<Madd_mod_green> in block <RGB_2_BW_Final>.
Unit <RGB_2_BW_Final> synthesized (advanced).

=========================================================================
Advanced HDL Synthesis Report

Macro Statistics
# Adders/Subtractors                                   : 4
 10-bit adder                                          : 1
 6-bit adder                                           : 1
 7-bit adder                                           : 1
 9-bit adder                                           : 1
# Adder Trees                                          : 1
 8-bit / 4-inputs adder tree                           : 1

=========================================================================

=========================================================================
*                         Low Level Synthesis                           *
=========================================================================

Optimizing unit <RGB_2_BW_Final> ...

Mapping all equations...
Building and optimizing final netlist ...
Found area constraint ratio of 100 (+ 5) on block RGB_2_BW_Final, actual ratio is 0.

Final Macro Processing ...

=========================================================================
Final Register Report

Found no macro
=========================================================================

=========================================================================
*                           Partition Report                            *
=========================================================================

Partition Implementation Status
-------------------------------

  No Partitions were found in this design.

-------------------------------

=========================================================================
*                            Design Summary                             *
=========================================================================

Top Level Output File Name         : RGB_2_BW_Final.ngc

Primitive and Black Box Usage:
------------------------------
# BELS                             : 52
#      GND                         : 1
#      LUT2                        : 5
#      LUT3                        : 7
#      LUT4                        : 5
#      LUT5                        : 7
#      LUT6                        : 8
#      MUXCY                       : 8
#      MUXF7                       : 2
#      XORCY                       : 9
# IO Buffers                       : 55
#      IBUF                        : 16
#      OBUF                        : 39

Device utilization summary:
---------------------------

Selected Device : 7a100tcsg324-1 


Slice Logic Utilization: 
 Number of Slice LUTs:                   32  out of  63400     0%  
    Number used as Logic:                32  out of  63400     0%  

Slice Logic Distribution: 
 Number of LUT Flip Flop pairs used:     32
   Number with an unused Flip Flop:      32  out of     32   100%  
   Number with an unused LUT:             0  out of     32     0%  
   Number of fully used LUT-FF pairs:     0  out of     32     0%  
   Number of unique control sets:         0

IO Utilization: 
 Number of IOs:                          63
 Number of bonded IOBs:                  55  out of    210    26%  

Specific Feature Utilization:

---------------------------
Partition Resource Summary:
---------------------------

  No Partitions were found in this design.

---------------------------


=========================================================================
Timing Report

NOTE: THESE TIMING NUMBERS ARE ONLY A SYNTHESIS ESTIMATE.
      FOR ACCURATE TIMING INFORMATION PLEASE REFER TO THE TRACE REPORT
      GENERATED AFTER PLACE-and-ROUTE.

Clock Information:
------------------
No clock signals found in this design

Asynchronous Control Signals Information:
----------------------------------------
No asynchronous control signals found in this design

Timing Summary:
---------------
Speed Grade: -1

   Minimum period: No path found
   Minimum input arrival time before clock: No path found
   Maximum output required time after clock: No path found
   Maximum combinational path delay: 4.385ns

Timing Details:
---------------
All values displayed in nanoseconds (ns)

=========================================================================
Timing constraint: Default path analysis
  Total number of paths / destination ports: 1384 / 27
-------------------------------------------------------------------------
Delay:               4.385ns (Levels of Logic = 12)
  Source:            origi_green<4> (PAD)
  Destination:       intmod_red<8> (PAD)

  Data Path: origi_green<4> to intmod_red<8>
                                Gate     Net
    Cell:in->out      fanout   Delay   Delay  Logical Name (Net Name)
    ----------------------------------------  ------------
     IBUF:I->O            10   0.001   0.998  origi_green_4_IBUF (origi_green_4_IBUF)
     LUT6:I0->O            1   0.124   0.421  ADDERTREE_INTERNAL_Madd_221 (ADDERTREE_INTERNAL_Madd_221)
     LUT2:I1->O            3   0.124   0.550  ADDERTREE_INTERNAL_Madd_222 (ADDERTREE_INTERNAL_Madd_22)
     LUT3:I1->O            1   0.124   0.421  Madd_n0053[9:0]2 (Madd_n0053[9:0]2)
     LUT4:I3->O            1   0.124   0.000  Madd_n0053[9:0]_lut<0>3 (Madd_n0053[9:0]_lut<0>3)
     MUXCY:S->O            1   0.472   0.000  Madd_n0053[9:0]_cy<0>_2 (Madd_n0053[9:0]_cy<0>3)
     MUXCY:CI->O           1   0.029   0.000  Madd_n0053[9:0]_cy<0>_3 (Madd_n0053[9:0]_cy<0>4)
     MUXCY:CI->O           1   0.029   0.000  Madd_n0053[9:0]_cy<0>_4 (Madd_n0053[9:0]_cy<0>5)
     MUXCY:CI->O           1   0.029   0.000  Madd_n0053[9:0]_cy<0>_5 (Madd_n0053[9:0]_cy<0>6)
     MUXCY:CI->O           0   0.029   0.000  Madd_n0053[9:0]_cy<0>_6 (Madd_n0053[9:0]_cy<0>7)
     XORCY:CI->O           1   0.510   0.399  Madd_n0053[9:0]_xor<0>_7 (intmod_red_8_OBUF)
     OBUF:I->O                 0.000          intmod_red_8_OBUF (intmod_red<8>)
    ----------------------------------------
    Total                      4.385ns (1.596ns logic, 2.789ns route)
                                       (36.4% logic, 63.6% route)

=========================================================================

Cross Clock Domains Report:
--------------------------

=========================================================================


Total REAL time to Xst completion: 21.00 secs
Total CPU time to Xst completion: 20.85 secs
 
--> 

Total memory usage is 459064 kilobytes

Number of errors   :    0 (   0 filtered)
Number of warnings :    3 (   0 filtered)
Number of infos    :    0 (   0 filtered)

